[tetherhub.in/add/fa.png]
[backblue.gif]
[fade.gif]
[index.html]
[tetherhub.in/add/logo.png]
[cdnjs.cloudflare.com/ajax/libs/font-awesome/6.0.0/css/all.min.css]
[tetherhub.in/images/gfx/gfx-e.png]
[tetherhub.in/add/back.png]
[script.viserlab.com/litehyip/assets/templates/basic/images/bg/plan.jpg]
[tetherhub.in/add/bnb.png]
[tetherhub.in/add/trx.png]
[tetherhub.in/add/eth.png]
[tetherhub.in/add/sol.png]
[tetherhub.in/assets/js/jquery.bundley.js]
[tetherhub.in/assets/js/scriptsy.js]
[tetherhub.in/assets/js/chartsy.js]
[script.viserlab.com/litehyip/assets/templates/basic/js/lib/jquery-3.6.0.min.js]
[script.viserlab.com/litehyip/assets/templates/basic/js/lib/bootstrap.bundle.min.js]
[script.viserlab.com/litehyip/assets/templates/basic/js/lib/slick.min.js]
[script.viserlab.com/litehyip/assets/templates/basic/js/lib/wow.min.js]
[tetherhub.in/index.html]
[script.viserlab.com/litehyip/assets/templates/basic/js/app.js]
[tetherhub.in/add/amainsys.css]
[tetherhub.in/add/bootstrap.min.css]
[tetherhub.in/add/all.min.css]
[tetherhub.in/add/line-awesome.min.css]
[tetherhub.in/add/slick.css]
[tetherhub.in/add/mainssl.css]
[tetherhub.in/add/custom.css]
[tetherhub.in/assets/fonts/fa-brands-400.eot]
[tetherhub.in/assets/fonts/fa-brands-400-1.eot]
[tetherhub.in/assets/fonts/fa-brands-400.woff]
[tetherhub.in/assets/fonts/fa-brands-400.ttf]
[tetherhub.in/assets/fonts/fa-regular-400.eot]
[tetherhub.in/assets/fonts/fa-regular-400-1.eot]
[tetherhub.in/assets/fonts/fa-regular-400.woff]
[tetherhub.in/assets/fonts/fa-regular-400.ttf]
[tetherhub.in/assets/fonts/fa-solid-900.eot]
[tetherhub.in/assets/fonts/fa-solid-900-1.eot]
[tetherhub.in/assets/fonts/fa-solid-900.woff]
[tetherhub.in/assets/fonts/fa-solid-900.ttf]
[tetherhub.in/assets/fonts/Ikon-Crypto.ttf]
[tetherhub.in/assets/fonts/Ikon-Crypto.woff]
[tetherhub.in/assets/fonts/themify.eot]
[tetherhub.in/assets/fonts/themify-1.eot]
[tetherhub.in/assets/fonts/themify.woff]
[tetherhub.in/assets/fonts/themify.ttf]
[tetherhub.in/assets/css/vendorlin.bundle.css]
[tetherhub.in/assets/fonts/Roboto-Light.eot]
[tetherhub.in/assets/fonts/Roboto-Light-1.eot]
[tetherhub.in/assets/fonts/Roboto-Light.woff]
[tetherhub.in/assets/fonts/Roboto-Light.ttf]
[tetherhub.in/assets/fonts/Roboto-Regular.eot]
[tetherhub.in/assets/fonts/Roboto-Regular-1.eot]
[tetherhub.in/assets/fonts/Roboto-Regular.woff]
[tetherhub.in/assets/fonts/Roboto-Regular.ttf]
[tetherhub.in/assets/fonts/Roboto-Medium.eot]
[tetherhub.in/assets/fonts/Roboto-Medium-1.eot]
[tetherhub.in/assets/fonts/Roboto-Medium.woff]
[tetherhub.in/assets/fonts/Roboto-Medium.ttf]
[tetherhub.in/assets/fonts/Roboto-Bold.eot]
[tetherhub.in/assets/fonts/Roboto-Bold-1.eot]
[tetherhub.in/assets/fonts/Roboto-Bold.woff]
[tetherhub.in/assets/fonts/Roboto-Bold.ttf]
[tetherhub.in/assets/fonts/Quicksand-Light.eot]
[tetherhub.in/assets/fonts/Quicksand-Light-1.eot]
[tetherhub.in/assets/fonts/Quicksand-Light.woff]
[tetherhub.in/assets/fonts/Quicksand-Light.ttf]
[tetherhub.in/assets/fonts/Quicksand-Medium.eot]
[tetherhub.in/assets/fonts/Quicksand-Medium-1.eot]
[tetherhub.in/assets/fonts/Quicksand-Medium.woff]
[tetherhub.in/assets/fonts/Quicksand-Medium.ttf]
[tetherhub.in/assets/fonts/Quicksand-Bold.eot]
[tetherhub.in/assets/fonts/Quicksand-Bold-1.eot]
[tetherhub.in/assets/fonts/Quicksand-Bold.woff]
[tetherhub.in/assets/fonts/Quicksand-Bold.ttf]
[tetherhub.in/assets/images/mask-a.png]
[tetherhub.in/assets/images/mask-a-md.png]
[tetherhub.in/assets/images/shape-a.png]
[tetherhub.in/assets/images/shape-a-sm.png]
[tetherhub.in/assets/images/shape-b.png]
[tetherhub.in/assets/images/shape-b-sm.png]
[tetherhub.in/assets/images/shape-c.png]
[tetherhub.in/assets/images/shape-c-sm.png]
[tetherhub.in/assets/images/shape-d.png]
[tetherhub.in/assets/images/shape-d-sm.png]
[tetherhub.in/assets/images/shape-e.png]
[tetherhub.in/assets/images/shape-e-sm.png]
[tetherhub.in/assets/images/shape-f.png]
[tetherhub.in/assets/images/shape-f-sm.png]
[tetherhub.in/assets/images/shape-g.png]
[tetherhub.in/assets/images/shape-g-sm.png]
[tetherhub.in/assets/images/shape-h.png]
[tetherhub.in/assets/images/shape-h-sm.png]
[tetherhub.in/assets/images/shape-i.png]
[tetherhub.in/assets/images/shape-i-sm.png]
[tetherhub.in/assets/images/dot-a.png]
[tetherhub.in/assets/images/dot-b.png]
[tetherhub.in/assets/images/dot-c.png]
[tetherhub.in/assets/images/light-ix.png]
[tetherhub.in/assets/images/hexagon.png]
[tetherhub.in/assets/images/polygon-a.png]
[tetherhub.in/assets/css/stya.css]
[tetherhub.in/assets/images/vr-line.png]
[tetherhub.in/assets/css/azallyeas.css]
[cdnjs.cloudflare.com/ajax/libs/font-awesome/6.0.0/css/all.min.css]
[code.jquery.com/jquery-3.4.1.min.js]
[tetherhub.in/images/ath-gfx.png]
[tetherhub.in/index8759.html]
[tetherhub.in/indexc30b.html]
[tetherhub.in/webfonts/fa-brands-400.html]
[tetherhub.in/webfonts/fa-brands-400d41d.html]
[tetherhub.in/webfonts/fa-brands-401.html]
[tetherhub.in/webfonts/fa-brands-402.html]
[tetherhub.in/webfonts/fa-brands-403.html]
[tetherhub.in/webfonts/fa-brands-404.html]
[tetherhub.in/webfonts/fa-regular-400.html]
[tetherhub.in/webfonts/fa-regular-400d41d.html]
[tetherhub.in/webfonts/fa-regular-401.html]
[tetherhub.in/webfonts/fa-regular-402.html]
[tetherhub.in/webfonts/fa-regular-403.html]
[tetherhub.in/webfonts/fa-regular-404.html]
[tetherhub.in/webfonts/fa-solid-900.html]
[tetherhub.in/webfonts/fa-solid-900d41d.html]
[tetherhub.in/webfonts/fa-solid-901.html]
[tetherhub.in/webfonts/fa-solid-902.html]
[tetherhub.in/webfonts/fa-solid-903.html]
[tetherhub.in/webfonts/fa-solid-904.html]
[tetherhub.in/fonts/la-brands-400.html]
[tetherhub.in/fonts/la-brands-400d41d.html]
[tetherhub.in/fonts/la-brands-401.html]
[tetherhub.in/fonts/la-brands-402.html]
[tetherhub.in/fonts/la-brands-403.html]
[tetherhub.in/fonts/la-brands-404.html]
[tetherhub.in/fonts/la-regular-400.html]
[tetherhub.in/fonts/la-regular-400d41d.html]
[tetherhub.in/fonts/la-regular-401.html]
[tetherhub.in/fonts/la-regular-402.html]
[tetherhub.in/fonts/la-regular-403.html]
[tetherhub.in/fonts/la-regular-404.html]
[tetherhub.in/fonts/la-solid-900.html]
[tetherhub.in/fonts/la-solid-900d41d.html]
[tetherhub.in/fonts/la-solid-901.html]
[tetherhub.in/fonts/la-solid-902.html]
[tetherhub.in/fonts/la-solid-903.html]
[tetherhub.in/fonts/la-solid-904.html]
[tetherhub.in/images/elements/right-arrow.html]
[tetherhub.in/assets/fonts/fa-brands-400.html]
[tetherhub.in/assets/fonts/fa-brands-400.svg]
[tetherhub.in/assets/fonts/fa-regular-400.html]
[tetherhub.in/assets/fonts/fa-regular-400.svg]
[tetherhub.in/assets/fonts/fa-solid-900.html]
[tetherhub.in/assets/fonts/fa-solid-900.svg]
[tetherhub.in/assets/css/owl.video.play.html]
[tetherhub.in/assets/fonts/Ikon-Crypto.svg]
[tetherhub.in/assets/fonts/themify.svg]
[tetherhub.in/assets/fonts/Roboto-Light.html]
[tetherhub.in/assets/fonts/Roboto-Regular.html]
[tetherhub.in/assets/fonts/Roboto-Medium.html]
[tetherhub.in/assets/fonts/Roboto-Bold.html]
[tetherhub.in/assets/fonts/Quicksand-Light.html]
[tetherhub.in/assets/fonts/Quicksand-Medium.html]
[tetherhub.in/assets/fonts/Quicksand-Bold.html]
[tetherhub.in/assets/images/mask-a.svg]
[tetherhub.in/assets/images/mask-a-md.svg]
[tetherhub.in/assets/images/mask-a-dark.svg]
[tetherhub.in/assets/images/mask-a-dark.html]
[tetherhub.in/assets/images/mask-line.html]
[tetherhub.in/assets/images/mask-line-2.html]
[tetherhub.in/assets2/fonts/themify.woff]
[tetherhub.in/assets2/css/vendor.bundle5d01.css]
[tetherhub.in/assets2/css/stylys.css]
[tetherhub.in/assets2/css/vendor.bundle.css]
[tetherhub.in/assets2/fonts/themify.html]
[tetherhub.in/assets2/fonts/themifyd41d.html]
[tetherhub.in/assets2/fonts/themify-2.html]
[tetherhub.in/assets2/fonts/themify-3.html]
[tetherhub.in/assets2/fonts/fa-brands-400.html]
[tetherhub.in/assets2/fonts/fa-brands-400d41d.html]
[tetherhub.in/assets2/fonts/fa-brands-401.html]
[tetherhub.in/assets2/fonts/fa-brands-402.html]
[tetherhub.in/assets2/fonts/fa-brands-403.html]
[tetherhub.in/assets2/fonts/fa-brands-404.html]
[tetherhub.in/assets2/fonts/fa-regular-400.html]
[tetherhub.in/assets2/fonts/fa-regular-400d41d.html]
[tetherhub.in/assets2/fonts/fa-regular-401.html]
[tetherhub.in/assets2/fonts/fa-regular-402.html]
[tetherhub.in/assets2/fonts/fa-regular-403.html]
[tetherhub.in/assets2/fonts/fa-regular-404.html]
[tetherhub.in/assets2/fonts/fa-solid-900.html]
[tetherhub.in/assets2/fonts/fa-solid-900d41d.html]
[tetherhub.in/assets2/fonts/fa-solid-901.html]
[tetherhub.in/assets2/fonts/fa-solid-902.html]
[tetherhub.in/assets2/fonts/fa-solid-903.html]
[tetherhub.in/assets2/fonts/fa-solid-904.html]
[tetherhub.in/assets2/fonts/ikon.html]
[tetherhub.in/assets2/fonts/ikon-2.html]
[tetherhub.in/assets2/fonts/ikon-3.html]
[tetherhub.in/assets2/fonts/ikon-4.html]
[tetherhub.in/assets2/fonts/Roboto-Light.html]
[tetherhub.in/assets2/fonts/Roboto-Lightd41d.html]
[tetherhub.in/assets2/fonts/Roboto-Light-2.html]
[tetherhub.in/assets2/fonts/Roboto-Light-3.html]
[tetherhub.in/assets2/fonts/Roboto-Light-4.html]
[tetherhub.in/assets2/fonts/Roboto-Regular.html]
[tetherhub.in/assets2/fonts/Roboto-Regulard41d.html]
[tetherhub.in/assets2/fonts/Roboto-Regular-2.html]
[tetherhub.in/assets2/fonts/Roboto-Regular-3.html]
[tetherhub.in/assets2/fonts/Roboto-Regular-4.html]
[tetherhub.in/assets2/fonts/Roboto-Medium.html]
[tetherhub.in/assets2/fonts/Roboto-Mediumd41d.html]
[tetherhub.in/assets2/fonts/Roboto-Medium-2.html]
[tetherhub.in/assets2/fonts/Roboto-Medium-3.html]
[tetherhub.in/assets2/fonts/Roboto-Medium-4.html]
[tetherhub.in/assets2/fonts/Roboto-Bold.html]
[tetherhub.in/assets2/fonts/Roboto-Boldd41d.html]
[tetherhub.in/assets2/fonts/Roboto-Bold-2.html]
[tetherhub.in/assets2/fonts/Roboto-Bold-3.html]
[tetherhub.in/assets2/fonts/Roboto-Bold-4.html]
[tetherhub.in/assets2/images/ath-gfx.html]
